 sumtot_formula
 additional                                                                      
 f
   1.0000000000000000     
 nrpams
           0
 nipams
           1
 integer_parameters
         100
